// Jest Snapshot v1, https://goo.gl/fbAQLP

exports[`<blogPost /> should match snapshot 1`] = `
<div
  className="blog__post"
>
  <img
    alt="blog post"
    src="http://via.placeholder.com/300x300"
  />
  <div
    className="blog__post__text"
  >
    <h2>
      5 Tips to get things done
    </h2>
    <p />
  </div>
</div>
`;
