// Jest Snapshot v1, https://goo.gl/fbAQLP

exports[`<blogBanner /> should match snapshot 1`] = `
<div
  className="blogBanner"
>
  <div
    className="container blogBanner__grid"
  >
    <div
      className="blogBanner__text"
    >
      <h1>
        Blog
      </h1>
      <p>
        Read articles from industry leaders and stay up to date with the latest trends in job recruitment.
      </p>
    </div>
    <div
      className="blogBanner__img"
    >
      <img
        alt=""
        src="interview2.png"
      />
    </div>
  </div>
  <div
    className="blogBanner__whiteEllipse"
  />
</div>
`;
