// Jest Snapshot v1, https://goo.gl/fbAQLP

exports[`<NavbarLoggedIn /> should match snapshot 1`] = `
<div>
  <div
    className="slideOut"
    id="drawer"
  >
    <Link
      replace={false}
      to="/dashboard"
    >
      <h1>
        Dashboard
      </h1>
    </Link>
    <Link
      replace={false}
      to="/search"
    >
      <h1>
        Search
      </h1>
    </Link>
    <Link
      replace={false}
      to="/blog"
    >
      <h1>
        Blog
      </h1>
    </Link>
    <h1>
      Logout
    </h1>
    <p>
      <i
        className="fab fa-twitter"
      />
      <i
        className="fab fa-facebook-f"
      />
      <i
        className="fab fa-youtube"
      />
    </p>
  </div>
  <div
    className="navbar__loggedIn"
  >
    <div
      className="container-l"
    >
      <div
        className="navbar__loggedIn__div--mobile"
      >
        <h1
          className="logo"
        >
          PrepXP
        </h1>
        <h1
          onClick={[Function]}
        >
          ☰
        </h1>
      </div>
      <div
        className="navbar__loggedIn__div--desktop"
      >
        <h1
          className="logo"
        >
          PrepXP
        </h1>
        <ul>
          <Link
            replace={false}
            to="/dashboard"
          >
            <li>
              Dashboard
            </li>
          </Link>
          <span>
            •
          </span>
          <Link
            replace={false}
            to="/search"
          >
            <li>
              Search
            </li>
          </Link>
          <span>
            •
          </span>
          <Link
            replace={false}
            to="/blog"
          >
            <li>
              Blog
            </li>
          </Link>
        </ul>
        <button
          className="btn btn--black"
        >
          <i
            className="fas fa-sign-out-alt"
          />
           Logout
        </button>
      </div>
    </div>
  </div>
</div>
`;
