// Jest Snapshot v1, https://goo.gl/fbAQLP

exports[`<BlogPost /> should match snapshot 1`] = `
<div>
  <startSavedModal
    closeModal={[Function]}
    isOpen={false}
  />
  <Connect(Navbar) />
  <div
    className="blogPost__container"
  >
    <div
      className="container"
    >
      <div
        className="blogPost__grid"
      >
        <blogPostSidebar />
        <blogPostContent
          closeModal={[Function]}
          comments={Array []}
          fbid="134wegd"
          openModal={[Function]}
          post={
            Object {
              "byline": "yesyesyeys",
              "id": "1234",
              "img": "http://via.placeholder.com/300x300",
              "text": "sf sdfg dfasd df dg asdf sdf adsf sadf yea oia the ruler is bakc ofi course is i sfsf aoosd sgodf sfoeg wefodfguonfls sdfsd fsd sgosfsd sdfpsdf sdgxfogfdng  sdfosf sgosf sdfosg sdosf sgosdf sdfosdg sfosdf sd",
              "title": "5 Tips to get things done",
            }
          }
        />
      </div>
    </div>
  </div>
  <footer />
</div>
`;
