// Jest Snapshot v1, https://goo.gl/fbAQLP

exports[`<BlogPostContent /> should match snapshot 1`] = `
<div
  className="blogPost__content"
>
  <div
    className="container-l"
  >
    <div
      className="blogPost__backLink"
    >
      <Link
        replace={false}
        to="/prepxp/blog"
      >
        <i
          className="fas fa-arrow-left"
        />
         
        <p>
          Back to posts
        </p>
      </Link>
    </div>
    <div
      className="blogPost__content__panel"
    >
      <h1>
        5 Tips to get things done
      </h1>
      <h2
        className="blogPost__content__byline"
      >
        yesyesyeys
      </h2>
      <img
        alt="blog graphic"
        src="http://via.placeholder.com/300x300"
      />
      <div
        id="blogPost__content__text"
      />
    </div>
    <div
      className="blogPost__content__commentBox"
    >
      <h1>
        Comments Box
      </h1>
      <textarea
        placeholder="Leave a comment..."
        rows="6"
      />
      <div
        className="blogPost__content__commentBox__button"
      >
        <button
          className="btn"
          onClick={[Function]}
        >
          Send
        </button>
      </div>
    </div>
    <div
      className="blogPost__content__comments"
    >
      <h1>
        Comments
      </h1>
      No comments yet
    </div>
  </div>
</div>
`;
