// Jest Snapshot v1, https://goo.gl/fbAQLP

exports[`<Dashboard /> should match snapshot 1`] = `
<div>
  <DashboardDeleteModal
    closeModal={[Function]}
    isOpen={false}
    selectedListId=""
  />
  <DashboardCreateModal
    closeModal={[Function]}
    isOpen={false}
  />
  <Navbar />
  <dashboardBanner
    openCreateModal={[Function]}
  />
  <DashboardGrid
    closeCreateModal={[Function]}
    closeDeleteModal={[Function]}
    lists={
      Array [
        Object {
          "id": "234",
          "questions": Array [
            Object {
              "answer": "JavaScript is a language for the web.",
              "question": "What is the difference between let and var?",
            },
            Object {
              "answer": "Brendan Eich",
              "question": "Who created JavaScript?",
            },
          ],
          "title": "JavaScript Developer",
        },
        Object {
          "id": "1231",
          "questions": Array [
            Object {
              "answer": "No-one really knows.",
              "question": "What is PHP exactly?",
            },
          ],
          "title": "PHP Developer",
        },
      ]
    }
    name="Bob"
    openCreateModal={[Function]}
    openDeleteModal={[Function]}
    selectList={[Function]}
  />
  <p>
    Logout
  </p>
  <footer />
</div>
`;
