// Jest Snapshot v1, https://goo.gl/fbAQLP

exports[`<DashboardSideBar /> should match snapshot 1`] = `
<div
  className="sidebar"
>
  <div
    className="sidebar__img"
  >
    <img
      alt="default user"
      src="default-user-image.png"
    />
    <h1 />
    <hr />
  </div>
  <div
    className="sidebar__grid"
  >
    <h2>
      <i
        className="fas fa-tachometer-alt"
      />
    </h2>
    <Link
      replace={false}
      to="/prepxp/dashboard"
    >
      <h2
        className="sidebar__grid__link"
      >
        Dashboard
      </h2>
    </Link>
    <h2>
      <i
        className="fas fa-pencil-alt"
      />
    </h2>
    <h2
      className="sidebar__grid__link"
    >
      Create
    </h2>
    <h2>
      <i
        className="fas fa-search"
      />
    </h2>
    <Link
      replace={false}
      to="/prepxp/search"
    >
      <h2
        className="sidebar__grid__link"
      >
        Search
      </h2>
    </Link>
    <h2>
      <i
        className="fas fa-book"
      />
    </h2>
    <Link
      replace={false}
      to="/prepxp/blog"
    >
      <h2
        className="sidebar__grid__link"
      >
        Blog
      </h2>
    </Link>
    <h2>
      <i
        className="fas fa-sign-out-alt"
      />
    </h2>
    <h2
      className="sidebar__grid__link"
    >
      Logout
    </h2>
  </div>
</div>
`;
