// Jest Snapshot v1, https://goo.gl/fbAQLP

exports[`<SearchBanner /> should match snapshot 1`] = `
<div
  className="searchBanner__wrapper"
>
  <div
    className="container-s"
  >
    <h1>
      Search lists
    </h1>
    <p>
      Search job titles for curated lists of interview questions. Click the + symbol to add to your own lists and practise on your dashboard.
    </p>
    <input
      placeholder="Back-End Developer"
      type="text"
    />
    <button
      className="btn"
    >
      Add Question
    </button>
  </div>
</div>
`;
