// Jest Snapshot v1, https://goo.gl/fbAQLP

exports[`<SearchBanner /> should match snapshot 1`] = `
<div
  className="searchBanner__wrapper"
>
  <div
    className="container-s searchBanner__content"
  >
    <h1>
      Search lists
    </h1>
    <div
      className="searchBanner__content__searchBar"
    >
      <input
        onChange={[Function]}
        placeholder="Back-End Developer"
        type="text"
      />
      <button
        className="btn"
      >
        <i
          className="fas fa-search"
        />
         Search  
      </button>
    </div>
  </div>
  <div
    className="searchBanner__whiteElipse"
  />
</div>
`;
