// Jest Snapshot v1, https://goo.gl/fbAQLP

exports[`<SearchPage /> should match snapshot 1`] = `
<div>
  <searchAddedListModal
    closeModal={[Function]}
    isOpen={false}
    loading={true}
  />
  <Navbar />
  <SearchBanner
    filterByText={[Function]}
  />
  <searchContent
    clearFilter={[Function]}
    filterByTag={[Function]}
    handleAddSearchList={[Function]}
  />
  <footer />
</div>
`;
