// Jest Snapshot v1, https://goo.gl/fbAQLP

exports[`<ListPageAddQuestionBanner /> should match snapshot 1`] = `
<div
  className="listPage__addQuestion"
>
  <div
    className="container-s"
  >
    <img
      alt="people being interviewed"
      src="interview2.png"
    />
    <h1>
      Add a question
    </h1>
    <p>
      Add a question below and add it to your list
    </p>
    <div
      className="listPage__addQuestion__input"
    >
      <div>
        <input
          id="questionInput"
          onChange={[Function]}
          onKeyDown={[Function]}
          placeholder="What weaknesses do you have?"
          type="text"
        />
        <button
          className="btn"
          onClick={[Function]}
        >
          Add Question
        </button>
      </div>
    </div>
  </div>
  <div
    className="listPage__addQuestion__whiteElipse"
  />
</div>
`;
