// Jest Snapshot v1, https://goo.gl/fbAQLP

exports[`<ListPage /> should match snapshot 1`] = `
<div>
  <Navbar />
  <listPageAddQuestionBanner />
  <listPageHeader
    title="JavaScript Developer"
  />
  <listPageQuestions
    questions={
      Array [
        Object {
          "answer": "JavaScript is a language for the web.",
          "question": "What is the difference between let and var?",
        },
        Object {
          "answer": "Brendan Eich",
          "question": "Who created JavaScript?",
        },
      ]
    }
  />
  <footer />
</div>
`;
