// Jest Snapshot v1, https://goo.gl/fbAQLP

exports[`<ListPageQuestions /> should match snapshot 1`] = `
<div
  className="listPage__questions"
>
  <div
    className="container-s"
  >
    <div
      className="question__item"
      key="What is the difference between let and var?0"
    >
      <div
        className="question__item__grid"
      >
        <h2
          className="question__item__grid__questionTitle"
        >
          <span>
            Q
            1
          </span>
        </h2>
        <h2
          className="quesiton__item__grid__question"
        >
          What is the difference between let and var?
        </h2>
      </div>
      <h2
        onClick={[Function]}
      >
        <i
          className="fas fa-trash-alt"
        />
      </h2>
    </div>
    <div
      className="question__item"
      key="Who created JavaScript?1"
    >
      <div
        className="question__item__grid"
      >
        <h2
          className="question__item__grid__questionTitle"
        >
          <span>
            Q
            2
          </span>
        </h2>
        <h2
          className="quesiton__item__grid__question"
        >
          Who created JavaScript?
        </h2>
      </div>
      <h2
        onClick={[Function]}
      >
        <i
          className="fas fa-trash-alt"
        />
      </h2>
    </div>
  </div>
</div>
`;
