// Jest Snapshot v1, https://goo.gl/fbAQLP

exports[`<Login /> should match snapshot 1`] = `
<div>
  <div
    className="login"
  >
    <h1
      className="logo"
    >
      PrepXP
    </h1>
    <loginBox
      switchToLogin={[Function]}
      validateEmail={[Function]}
    />
  </div>
  <footer />
</div>
`;
