// Jest Snapshot v1, https://goo.gl/fbAQLP

exports[`<LoginBox /> should match snapshot 1`] = `
<div>
  <div
    className="login__box"
  >
    <h2>
      Log in to your account
    </h2>
    <p
      className="error"
    />
    <div
      className="login__box__input"
    >
      <input
        placeholder="email"
        type="email"
      />
      <i
        className="fas fa-envelope"
      />
    </div>
    <div
      className="login__box__input"
    >
      <input
        placeholder="password"
        type="password"
      />
      <i
        className="fas fa-lock"
      />
    </div>
    <button
      className="btn"
      onClick={[Function]}
    >
      Log In
    </button>
  </div>
  <div
    className="login__bottomBox"
  >
    <p>
      New to PrepXP? 
      <span>
        Sign up
      </span>
    </p>
  </div>
</div>
`;
