// Jest Snapshot v1, https://goo.gl/fbAQLP

exports[`<StartPage /> should match snapshot 1`] = `
<div>
  <div>
    <startSavedModal
      closeModal={[Function]}
      isOpen={false}
    />
    <Connect(Navbar) />
    <startGrid
      closeModal={[Function]}
      finishQuestions={[Function]}
      id="234"
      openModal={[Function]}
      questions={
        Array [
          Object {
            "answer": "JavaScript is a language for the web.",
            "question": "What is the difference between let and var?",
          },
          Object {
            "answer": "Brendan Eich",
            "question": "Who created JavaScript?",
          },
        ]
      }
    />
    <footer />
  </div>
</div>
`;
