// Jest Snapshot v1, https://goo.gl/fbAQLP

exports[`<StartComplete /> should match snapshot 1`] = `
<section
  className="startComplete__div"
>
  <div
    className="container"
  >
    <div
      className="startComplete__grid"
    >
      <div
        className="startComplete__grid__text"
      >
        <h1>
          Questions complete
        </h1>
        <p>
           Well done you have completed this list, good luck in your upcoming interviews!
        </p>
        <div
          className="startComplete__buttons"
        >
          <button
            className="btn"
          >
            Dashboard
          </button>
        </div>
      </div>
      <img
        alt="people conducting an interview"
        src="interview2.png"
      />
    </div>
  </div>
</section>
`;
